// Jest Snapshot v1, https://goo.gl/fbAQLP

exports[`shallow renders without crashing 1`] = `
<div
  className="App"
>
  <Carousel />
</div>
`;
